// Jest Snapshot v1, https://goo.gl/fbAQLP

exports[`Snapshot of Lath  1`] = `<div class="wayo-lath"></div>`;

exports[`Snapshot of LathContent  1`] = `
<div class="wayo-lath__content">
  <p class="wayo-lath__content-entity wayo-lath__content_single-line">
    content
  </p>
  <!---->
  <!---->
</div>
`;

exports[`Snapshot of LathHeader  1`] = `<div class="wayo-lath__head"><span class="wayo-lath__title">title</span> <span class="wayo-lath__subtitle" style="margin-top: 5px;">subtitle</span></div>`;

exports[`Snapshot of LathTail  1`] = `
initialize {
  "0": Object {
    "attribs": Object {
      "class": "wayo-lath__tail",
      "data-server-rendered": "true",
    },
    "children": Array [
      Object {
        "attribs": Object {
          "class": "wayo-lath__tail-label",
        },
        "children": Array [
          Object {
            "data": "tail",
            "next": null,
            "parent": [Circular],
            "prev": null,
            "type": "text",
          },
        ],
        "name": "span",
        "namespace": "http://www.w3.org/1999/xhtml",
        "next": Object {
          "data": " ",
          "next": Object {
            "attribs": Object {
              "class": "wayo-lath__tail-icon",
              "color": "",
              "name": "bus",
            },
            "children": Array [],
            "name": "wayo-icon",
            "namespace": "http://www.w3.org/1999/xhtml",
            "next": null,
            "parent": [Circular],
            "prev": [Circular],
            "type": "tag",
            "x-attribsNamespace": Object {
              "class": undefined,
              "color": undefined,
              "name": undefined,
            },
            "x-attribsPrefix": Object {
              "class": undefined,
              "color": undefined,
              "name": undefined,
            },
          },
          "parent": [Circular],
          "prev": [Circular],
          "type": "text",
        },
        "parent": [Circular],
        "prev": null,
        "type": "tag",
        "x-attribsNamespace": Object {
          "class": undefined,
        },
        "x-attribsPrefix": Object {
          "class": undefined,
        },
      },
      Object {
        "data": " ",
        "next": Object {
          "attribs": Object {
            "class": "wayo-lath__tail-icon",
            "color": "",
            "name": "bus",
          },
          "children": Array [],
          "name": "wayo-icon",
          "namespace": "http://www.w3.org/1999/xhtml",
          "next": null,
          "parent": [Circular],
          "prev": [Circular],
          "type": "tag",
          "x-attribsNamespace": Object {
            "class": undefined,
            "color": undefined,
            "name": undefined,
          },
          "x-attribsPrefix": Object {
            "class": undefined,
            "color": undefined,
            "name": undefined,
          },
        },
        "parent": [Circular],
        "prev": Object {
          "attribs": Object {
            "class": "wayo-lath__tail-label",
          },
          "children": Array [
            Object {
              "data": "tail",
              "next": null,
              "parent": [Circular],
              "prev": null,
              "type": "text",
            },
          ],
          "name": "span",
          "namespace": "http://www.w3.org/1999/xhtml",
          "next": [Circular],
          "parent": [Circular],
          "prev": null,
          "type": "tag",
          "x-attribsNamespace": Object {
            "class": undefined,
          },
          "x-attribsPrefix": Object {
            "class": undefined,
          },
        },
        "type": "text",
      },
      Object {
        "attribs": Object {
          "class": "wayo-lath__tail-icon",
          "color": "",
          "name": "bus",
        },
        "children": Array [],
        "name": "wayo-icon",
        "namespace": "http://www.w3.org/1999/xhtml",
        "next": null,
        "parent": [Circular],
        "prev": Object {
          "data": " ",
          "next": [Circular],
          "parent": [Circular],
          "prev": Object {
            "attribs": Object {
              "class": "wayo-lath__tail-label",
            },
            "children": Array [
              Object {
                "data": "tail",
                "next": null,
                "parent": [Circular],
                "prev": null,
                "type": "text",
              },
            ],
            "name": "span",
            "namespace": "http://www.w3.org/1999/xhtml",
            "next": [Circular],
            "parent": [Circular],
            "prev": null,
            "type": "tag",
            "x-attribsNamespace": Object {
              "class": undefined,
            },
            "x-attribsPrefix": Object {
              "class": undefined,
            },
          },
          "type": "text",
        },
        "type": "tag",
        "x-attribsNamespace": Object {
          "class": undefined,
          "color": undefined,
          "name": undefined,
        },
        "x-attribsPrefix": Object {
          "class": undefined,
          "color": undefined,
          "name": undefined,
        },
      },
    ],
    "name": "div",
    "namespace": "http://www.w3.org/1999/xhtml",
    "next": null,
    "parent": null,
    "prev": null,
    "root": Object {
      "attribs": Object {},
      "children": Array [
        [Circular],
      ],
      "name": "root",
      "namespace": "http://www.w3.org/1999/xhtml",
      "next": null,
      "parent": null,
      "prev": null,
      "type": "root",
      "x-attribsNamespace": Object {},
      "x-attribsPrefix": Object {},
    },
    "type": "tag",
    "x-attribsNamespace": Object {
      "class": undefined,
      "data-server-rendered": undefined,
    },
    "x-attribsPrefix": Object {
      "class": undefined,
      "data-server-rendered": undefined,
    },
  },
  "_root": [Circular],
  "length": 1,
  "options": Object {
    "decodeEntities": true,
    "normalizeWhitespace": false,
    "withDomLvl1": true,
    "xml": false,
  },
}
`;
